src/app/(dashboard)/analytics/page.tsx(111,32): error TS7006: Parameter 'props' implicitly has an 'any' type.
src/app/(dashboard)/analytics/page.tsx(113,21): error TS17001: JSX elements cannot have multiple attributes with the same name.
src/components/dashboard/AchievementManager.tsx(46,31): error TS7006: Parameter 'doc' implicitly has an 'any' type.
src/components/dashboard/AchievementManager.tsx(192,29): error TS2322: Type '{ id: string; ref: RefObject<HTMLDivElement | null>; accountName: any; type: "TARGET_HIT"; date: string; amount: number; currency: any; certificateId: string; achievements: any[]; }' is not assignable to type 'IntrinsicAttributes & CertificateProps & RefAttributes<HTMLDivElement>'.
  Property 'id' does not exist on type 'IntrinsicAttributes & CertificateProps & RefAttributes<HTMLDivElement>'.
